gpio-uclass.c:583:12:_gpio_get_value	32	static
gpio-uclass.c:1518:12:gpio_post_bind	0	static
gpio-uclass.c:59:12:gpio_to_device	48	static
gpio-uclass.c:1363:12:gpio_renumber	64	static
gpio-uclass.c:1419:12:gpio_pre_remove	48	static
gpio-uclass.c:1400:12:gpio_post_probe	32	static
gpio-uclass.c:88:13:gpio_is_claimed.isra.0	0	static
gpio-uclass.c:860:12:get_function	48	static
gpio-uclass.c:519:12:check_reserved	32	static
gpio-uclass.c:156:5:dm_gpio_lookup_name	80	static
gpio-uclass.c:201:5:gpio_lookup_name	80	static
gpio-uclass.c:226:15:gpio_flags_xlate	0	static
gpio-uclass.c:254:5:gpio_xlate_offs_flags	32	static
gpio-uclass.c:379:5:gpio_hog_lookup_name	0	static
gpio-uclass.c:385:5:dm_gpio_request	64	static
gpio-uclass.c:413:12:dm_gpio_requestf	192	static
gpio-uclass.c:440:5:gpio_request	64	static
gpio-uclass.c:462:5:gpio_requestf	192	static
gpio-uclass.c:477:5:_dm_gpio_free	48	static
gpio-uclass.c:507:5:gpio_free	48	static
gpio-uclass.c:593:5:dm_gpio_get_value	32	static
gpio-uclass.c:604:5:dm_gpio_set_value	32	static
gpio-uclass.c:720:5:dm_gpio_clrset_flags	64	static
gpio-uclass.c:546:5:gpio_direction_input	48	static
gpio-uclass.c:567:5:gpio_direction_output	64	static
gpio-uclass.c:741:5:dm_gpio_set_dir_flags	0	static
gpio-uclass.c:1131:12:gpio_request_tail	80	static
gpio-uclass.c:1198:12:_gpio_request_by_name_nodev	176	static
gpio-uclass.c:747:5:dm_gpios_clrset_flags	64	static
gpio-uclass.c:762:5:dm_gpio_get_flags	80	static
gpio-uclass.c:808:5:gpio_get_value	48	static
gpio-uclass.c:829:5:gpio_set_value	64	static
gpio-uclass.c:840:13:gpio_get_bank_info	32	static
gpio-uclass.c:889:5:gpio_get_function	0	static
gpio-uclass.c:894:5:gpio_get_raw_function	0	static
gpio-uclass.c:899:5:gpio_get_status	96	static
gpio-uclass.c:965:5:gpio_claim_vector	64	static
gpio-uclass.c:996:5:gpio_get_values_as_int	48	static
gpio-uclass.c:1016:5:dm_gpio_get_values_as_int	64	static
gpio-uclass.c:1034:5:dm_gpio_get_values_as_int_base3	48	static
gpio-uclass.c:1212:5:gpio_request_by_name_nodev	0	static
gpio-uclass.c:1219:5:gpio_request_by_name	160	static
gpio-uclass.c:1233:5:gpio_request_by_line_name	64	static
gpio-uclass.c:1304:5:gpio_get_list_count	0	static
gpio-uclass.c:1340:5:dm_gpio_free	0	static
gpio-uclass.c:1346:5:gpio_free_list	64	static
gpio-uclass.c:1357:5:gpio_free_list_nodev	0	static
gpio-uclass.c:1266:5:gpio_request_list_by_name_nodev	96	static
gpio-uclass.c:1291:5:gpio_request_list_by_name	0	static
gpio-uclass.c:1388:5:gpio_get_number	32	static
gpio-uclass.c:1434:5:gpio_dev_request_index	112	static
gpio-uclass.c:1459:19:devm_gpiod_get_index	64	static
gpio-uclass.c:1497:19:devm_gpiod_get_index_optional	16	static
gpio-uclass.c:1510:6:devm_gpiod_put	0	static
