vidconsole-uclass.c:721:12:vidconsole_pre_probe	32	static
vidconsole-uclass.c:116:14:parsenum	48	static
vidconsole-uclass.c:733:12:vidconsole_post_probe	32	static
vidconsole-uclass.c:23:5:vidconsole_putc_xy	0	static
vidconsole-uclass.c:32:5:vidconsole_move_rows	0	static
vidconsole-uclass.c:42:5:vidconsole_set_row	0	static
vidconsole-uclass.c:85:13:vidconsole_newline	48	static
vidconsole-uclass.c:51:5:vidconsole_entry_start	0	static
vidconsole-uclass.c:123:6:vidconsole_set_cursor_pos	48	static
vidconsole-uclass.c:578:5:vidconsole_get_font	0	static
vidconsole-uclass.c:566:6:vidconsole_list_fonts	64	static
vidconsole-uclass.c:589:5:vidconsole_get_font_size	32	static
vidconsole-uclass.c:600:5:vidconsole_select_font	0	static
vidconsole-uclass.c:610:5:vidconsole_measure	64	static
vidconsole-uclass.c:632:5:vidconsole_nominal	64	static
vidconsole-uclass.c:654:5:vidconsole_entry_save	32	static
vidconsole-uclass.c:671:5:vidconsole_entry_restore	16	static
vidconsole-uclass.c:685:5:vidconsole_set_cursor_visible	16	static
vidconsole-uclass.c:700:6:vidconsole_push_colour	48	static
vidconsole-uclass.c:712:6:vidconsole_pop_colour	32	static
vidconsole-uclass.c:792:6:vidconsole_position_cursor	48	static
vidconsole-uclass.c:140:13:set_cursor_position	48	static
vidconsole-uclass.c:458:5:vidconsole_put_char	80	static
vidconsole-uclass.c:511:5:vidconsole_put_string	32	static
vidconsole-uclass.c:544:13:vidconsole_puts	32	static
vidconsole-uclass.c:525:13:vidconsole_putc	32	static
vidconsole-uclass.c:780:5:vidconsole_clear_and_reset	32	static
