video-uclass.c:101:14:alloc_fb	32	static
video-uclass.c:700:27:video_destroy	32	static
video-uclass.c:665:12:video_post_bind	48	static
video-uclass.c:81:6:video_set_flush_dcache	32	static
video-uclass.c:126:5:video_reserve	48	static
video-uclass.c:154:7:video_get_fb	32	static
video-uclass.c:168:5:video_fill_part	64	static
video-uclass.c:220:5:video_reserve_from_bloblist	0	static
video-uclass.c:302:5:video_index_to_colour	0	static
video-uclass.c:344:6:video_set_default_colors	32	static
video-uclass.c:371:5:video_sync	48	static
video-uclass.c:233:5:video_fill	32	static
video-uclass.c:268:5:video_clear	32	static
video-uclass.c:557:12:video_post_probe	128	static
video-uclass.c:406:6:video_sync_all	32	static
video-uclass.c:551:13:video_idle	0	static
video-uclass.c:422:6:video_is_active	32	static
video-uclass.c:440:5:video_get_xsize	16	static
video-uclass.c:447:5:video_get_ysize	16	static
video-uclass.c:525:7:video_get_u_boot_logo	0	static
video-uclass.c:540:5:video_default_font_height	16	static
