ether.c:1185:13:eth_setup_complete	0	static
ether.c:1586:13:tx_complete	0	static
ether.c:1769:13:eth_suspend	0	static
ether.c:2399:12:usb_eth_recv	48	static
ether.c:2368:13:usb_eth_stop	48	static
ether.c:1517:13:rx_complete	32	static
ether.c:2299:12:usb_eth_send	80	static
ether.c:2514:12:usb_eth_unbind	16	static
ether.c:2505:12:usb_eth_remove	16	static
ether.c:1203:13:rndis_command_complete	16	static
ether.c:1728:13:eth_unbind	32	static
ether.c:1793:13:rndis_control_ack_complete	48	static
ether.c:1819:12:rndis_control_ack	32	static
ether.c:1937:11:nibble	0	static
ether.c:994:13:eth_reset_config	32	static
ether.c:1763:13:eth_disconnect	0	static
ether.c:917:1:set_ether_config.isra.4	48	static
ether.c:1947:12:get_ether_addr.part.6	16	static
ether.c:1909:12:is_eth_addr_valid.part.7	80	static
ether.c:1470:12:rx_submit.constprop	32	static
ether.c:2263:12:usb_eth_start	64	static
ether.c:2419:12:usb_eth_free_pkt	16	static
ether.c:1226:1:eth_setup	96	static
ether.c:1194:13:rndis_response_complete	0	static
ether.c:1774:13:eth_resume	0	static
ether.c:1967:12:eth_bind	128	static
ether.c:2458:12:usb_eth_probe	64	static
ether.c:2438:5:usb_ether_init	48	static
