composite.c:301:12:count_configs	0	static
composite.c:567:13:collect_langs	0	static
composite.c:779:13:composite_setup_complete	0	static
composite.c:1434:1:composite_suspend	32	static
composite.c:1453:1:composite_resume	32	static
g_dnl.c:100:12:g_dnl_unbind	16	static
composite.c:587:12:lookup_string	48	static
composite.c:1328:13:composite_unbind	64	static
composite.c:1379:12:composite_bind	48	static
g_dnl.c:123:12:g_dnl_do_config	48	static
composite.c:352:13:reset_config.isra.0	32	static
composite.c:1318:13:composite_disconnect	32	static
composite.c:1008:1:composite_setup	112	static
composite.c:63:5:usb_add_function	48	static
composite.c:120:5:usb_function_deactivate	32	static
composite.c:143:5:usb_function_activate	0	static
composite.c:182:5:usb_interface_id	0	static
composite.c:482:5:usb_add_config	64	static
composite.c:704:5:usb_string_id	0	static
composite.c:734:5:usb_string_ids_tab	0	static
composite.c:768:5:usb_string_ids_n	0	static
composite.c:1500:5:usb_composite_register	32	static
composite.c:1525:6:usb_composite_unregister	32	static
g_dnl.c:50:6:g_dnl_set_serialnumber	32	static
g_dnl.c:207:12:on_serialno	16	static
g_dnl.c:92:6:g_dnl_set_product	0	static
g_dnl.c:158:5:board_usb_init	0	static
g_dnl.c:164:5:board_usb_cleanup	0	static
g_dnl.c:170:5:g_dnl_bind_fixup	0	static
g_dnl.c:175:12:g_dnl_get_board_bcd_device_number	0	static
g_dnl.c:215:12:g_dnl_bind	64	static
g_dnl.c:180:12:g_dnl_board_usb_cable_connected	0	static
g_dnl.c:187:6:g_dnl_detach	0	static
g_dnl.c:192:6:g_dnl_trigger_detach	0	static
g_dnl.c:197:6:g_dnl_clear_detach	0	static
g_dnl.c:288:5:g_dnl_register	32	static
g_dnl.c:303:6:g_dnl_unregister	0	static
