mmc-uclass.c:513:12:mmc_blk_remove	16	static
mmc-uclass.c:488:12:mmc_blk_probe	48	static
mmc-uclass.c:67:5:mmc_set_ios	0	static
mmc-uclass.c:81:5:mmc_wait_dat0	0	static
mmc-uclass.c:95:5:mmc_getwp	0	static
mmc-uclass.c:109:5:mmc_getcd	0	static
mmc-uclass.c:163:5:mmc_hs400_prepare_ddr	0	static
mmc-uclass.c:177:5:mmc_host_power_cycle	0	static
mmc-uclass.c:192:5:mmc_deferred_probe	0	static
mmc-uclass.c:207:5:mmc_reinit	0	static
mmc-uclass.c:212:5:mmc_of_parse	32	static
mmc-uclass.c:285:13:mmc_get_mmc_dev	16	static
mmc-uclass.c:31:5:mmc_get_b_max	48	static
mmc-uclass.c:53:5:mmc_send_cmd	48	static
mmc-uclass.c:468:12:mmc_select_hwpart	48	static
mmc-uclass.c:296:13:find_mmc_device	48	static
mmc-uclass.c:317:5:get_mmc_num	16	static
mmc-uclass.c:322:5:mmc_get_next_devnum	0	static
mmc-uclass.c:327:5:mmc_get_blk	48	static
mmc-uclass.c:341:18:mmc_get_blk_desc	32	static
mmc-uclass.c:354:6:mmc_do_preinit	48	static
mmc-uclass.c:377:6:print_mmc_devices	80	static
mmc-uclass.c:410:5:mmc_bind	64	static
mmc-uclass.c:451:5:mmc_unbind	48	static
