mmc.c:260:12:mmc_send_cmd_retry	48	static
mmc.c:728:12:mmc_send_op_cond_iter	64	static
mmc.c:565:12:mmc_go_idle	64	static
mmc.c:1075:12:mmc_set_capacity	32	static
mmc.c:2828:12:mmc_power_on.isra.3	32	static
mmc.c:1363:12:sd_get_capabilities	448	static
mmc.c:284:12:mmc_send_cmd_quirks.constprop	0	static
mmc.c:176:13:mmc_mode_name	0	static
mmc.c:293:5:mmc_send_status	64	static
mmc.c:844:12:__mmc_switch.constprop	96	static
mmc.c:311:5:mmc_poll_for_busy	64	static
mmc.c:353:5:mmc_set_blocklen	48	static
mmc.c:438:5:mmc_send_stop_transmission	48	static
mmc.c:507:7:mmc_bread	160	static
mmc.c:823:5:mmc_send_ext_csd	80	static
mmc.c:1921:12:mmc_read_and_compare_ext_csd	608	static
mmc.c:950:12:mmc_set_card_speed.constprop	608	static
mmc.c:912:5:mmc_switch	0	static
mmc.c:2310:12:mmc_startup_v4	624	static
mmc.c:917:5:mmc_boot_wp	0	static
mmc.c:922:5:mmc_boot_wp_single_partition	0	static
mmc.c:1103:5:mmc_switch_part	64	static
mmc.c:1128:5:mmc_hwpart_config	704	static
mmc.c:1686:5:mmc_set_clock	0	static
mmc.c:1717:6:mmc_dump_capabilities	0	static
mmc.c:2881:5:mmc_get_op_cond	112	static
mmc.c:2968:5:mmc_start_init	32	static
mmc.c:3056:5:mmc_init	336	static
mmc.c:3089:5:mmc_deinit	16	static
mmc.c:3042:28:mmc_cyclic_cd_poll	32	static
mmc.c:3119:5:mmc_set_dsr	0	static
mmc.c:3126:12:cpu_mmc_init	0	static
mmc.c:3132:12:board_mmc_init	0	static
mmc.c:3137:6:mmc_set_preinit	0	static
mmc.c:3181:5:mmc_initialize	48	static
mmc.c:3207:5:mmc_init_device	48	static
mmc.c:3271:12:mmc_get_env_dev	0	static
