fs.c:47:19:fs_probe_unsupported	0	static
fs.c:54:19:fs_ls_unsupported	0	static
fs.c:91:19:fs_exists_unsupported	0	static
fs.c:101:19:fs_read_unsupported	0	static
fs.c:120:20:fs_close_unsupported	0	static
fs.c:129:19:fs_opendir_unsupported	0	static
fs.c:383:28:fs_get_info	0	static
fs.c:108:19:fs_write_unsupported	0	static
fs.c:140:19:fs_mkdir_unsupported	0	static
fs.c:96:19:fs_size_unsupported	0	static
fs.c:115:19:fs_ln_unsupported	0	static
fs.c:124:19:fs_uuid_unsupported	0	static
fs.c:135:19:fs_unlink_unsupported	0	static
fs.c:42:6:fs_set_type	0	static
fs.c:405:5:fs_get_type	0	static
fs.c:418:13:fs_get_type_name	16	static
fs.c:423:5:fs_set_blk_dev	80	static
fs.c:452:5:fs_set_blk_dev_with_part	64	static
fs.c:476:6:fs_close	32	static
fs.c:485:5:fs_uuid	16	static
fs.c:492:5:fs_ls	32	static
fs.c:505:5:fs_exists	32	static
fs.c:518:5:fs_size	32	static
fs.c:595:5:fs_read	32	static
fs.c:601:5:fs_write	48	static
fs.c:621:23:fs_opendir	48	static
fs.c:640:19:fs_readdir	48	static
fs.c:659:6:fs_closedir	32	static
fs.c:61:12:fs_ls_generic	64	static
fs.c:673:5:fs_unlink	32	static
fs.c:686:5:fs_mkdir	32	static
fs.c:699:5:fs_ln	48	static
fs.c:715:5:do_size	48	static
fs.c:734:5:do_load	128	static
fs.c:812:5:do_ls	32	static
fs.c:829:5:file_exists	32	static
fs.c:838:5:do_save	96	static
fs.c:880:5:do_fs_uuid	96	static
fs.c:905:5:do_fs_type	48	static
fs.c:927:5:do_rm	32	static
fs.c:942:5:do_mkdir	32	static
fs.c:962:5:do_ln	32	static
fs.c:977:5:do_fs_types	64	static
fs.c:997:5:fs_read_alloc	64	static
fs.c:1023:5:fs_load_alloc	96	static
