charset.c:36:12:get_code	48	static
charset.c:91:11:read_string	0	static
charset.c:110:11:read_console	16	static
charset.c:120:5:console_read_unicode	32	static
charset.c:139:5:utf8_get	0	static
charset.c:144:5:utf8_put	0	static
charset.c:173:8:utf8_utf16_strnlen	64	static
charset.c:210:5:utf16_get	0	static
charset.c:238:5:utf16_put	0	static
charset.c:194:5:utf8_utf16_strncpy	64	static
charset.c:256:8:utf16_strnlen	32	static
charset.c:274:8:utf16_utf8_strnlen	32	static
charset.c:298:5:utf16_utf8_strncpy	32	static
charset.c:314:5:utf_to_lower	0	static
charset.c:333:5:utf_to_upper	0	static
charset.c:363:5:u16_strcasecmp	32	static
charset.c:390:19:u16_strncmp	0	static
charset.c:403:22:u16_strnlen	0	static
charset.c:410:8:u16_strsize	16	static
charset.c:415:6:u16_strcpy	0	static
charset.c:428:6:u16_strdup	48	static
charset.c:444:8:u16_strlcat	48	static
charset.c:461:10:utf16_to_utf8	0	static
charset.c:513:5:utf_to_cp	0	static
charset.c:534:5:utf8_to_cp437_stream	64	static
charset.c:558:5:utf8_to_utf32_stream	64	static
