fdtdec.c:664:20:get_prop_check_min_len	48	static
fdtdec.c:608:12:fdtdec_prepare_fdt	32	static
fdtdec.c:96:13:fdtdec_get_srcname	0	static
fdtdec.c:101:13:fdtdec_get_compatible	0	static
fdtdec.c:215:5:fdtdec_get_pci_vendev	96	static
fdtdec.c:251:5:fdtdec_get_pci_bar32	32	static
fdtdec.c:268:5:fdtdec_get_pci_bus_range	48	static
fdtdec.c:284:10:fdtdec_get_uint64	48	static
fdtdec.c:297:5:fdtdec_get_is_enabled	16	static
fdtdec.c:314:20:fdtdec_lookup	64	static
fdtdec.c:326:5:fdtdec_next_compatible	0	static
fdtdec.c:331:5:fdtdec_next_compatible_subnode	48	static
fdtdec.c:346:5:fdtdec_next_alias	96	static
fdtdec.c:378:5:fdtdec_add_aliases_for_id	128	dynamic
fdtdec.c:368:5:fdtdec_find_aliases_for_id	64	static
fdtdec.c:493:5:fdtdec_get_alias_seq	96	static
fdtdec.c:546:5:fdtdec_get_alias_highest_id	80	static
fdtdec.c:579:13:fdtdec_get_chosen_prop	32	static
fdtdec.c:589:5:fdtdec_get_chosen_node	32	static
fdtdec.c:627:5:fdtdec_check_fdt	16	static
fdtdec.c:639:5:fdtdec_lookup_phandle	32	static
fdtdec.c:682:5:fdtdec_get_int_array	48	static
fdtdec.c:951:12:decode_timing_property	64	static
fdtdec.c:700:5:fdtdec_get_int_array_count	48	static
fdtdec.c:720:12:fdtdec_locate_array	32	static
fdtdec.c:731:5:fdtdec_get_bool	32	static
fdtdec.c:741:5:fdtdec_parse_phandle_with_args	112	static
fdtdec.c:865:5:fdtdec_get_byte_array	48	static
fdtdec.c:877:11:fdtdec_locate_byte_array	32	static
fdtdec.c:889:5:fdtdec_get_number	0	static
fdtdec.c:108:12:fdtdec_get_addr_size_fixed	96	static
fdtdec.c:154:12:fdtdec_get_addr_size_auto_parent	80	static
fdtdec.c:181:12:fdtdec_get_addr_size_auto_noparent	64	static
fdtdec.c:200:12:fdtdec_get_addr_size	0	static
fdtdec.c:210:12:fdtdec_get_addr	0	static
fdtdec.c:899:5:fdt_get_resource	96	static
fdtdec.c:938:5:fdt_get_named_resource	48	static
fdtdec.c:975:5:fdtdec_decode_display_timing	64	static
fdtdec.c:1043:5:fdtdec_setup_mem_size_base	80	static
fdtdec.c:1069:8:get_next_memory_node	48	static
fdtdec.c:1078:5:fdtdec_setup_memory_banksize	96	static
fdtdec.c:1119:5:fdtdec_setup_mem_size_base_lowest	96	static
fdtdec.c:1270:5:fdtdec_set_ethernet_mac_address	48	static
fdtdec.c:1331:5:fdtdec_add_reserved_memory	208	static
fdtdec.c:1469:5:fdtdec_get_carveout	128	static
fdtdec.c:1570:5:fdtdec_set_carveout	80	static
fdtdec.c:1627:12:fdtdec_board_setup	0	static
fdtdec.c:1667:5:fdtdec_setup	16	static
fdtdec.c:1738:5:fdtdec_resetup	0	static
fdtdec.c:1774:5:fdtdec_decode_ram_size	144	static
