lmb.c:81:13:lmb_remove_region	0	static
lmb.c:502:13:lmb_dump_region	128	static
lmb.c:448:12:lmb_map_update_notify	16	static
lmb.c:333:13:lmb_overlaps_region	0	static
lmb.c:189:13:lmb_add_region_flags	48	static
lmb.c:282:13:_lmb_free	16	static
lmb.c:709:20:_lmb_alloc_base	48	static
lmb.c:358:5:io_lmb_setup	32	static
lmb.c:381:6:io_lmb_teardown	32	static
lmb.c:387:6:io_lmb_add	0	static
lmb.c:393:13:io_lmb_alloc	32	static
lmb.c:429:6:io_lmb_free	0	static
lmb.c:523:6:lmb_dump_all_force	32	static
lmb.c:530:6:lmb_dump_all	0	static
lmb.c:653:6:lmb_add	32	static
lmb.c:675:6:lmb_free_flags	48	static
lmb.c:687:6:lmb_free	0	static
lmb.c:692:6:lmb_reserve_flags	48	static
lmb.c:615:6:lmb_add_memory	48	static
lmb.c:807:20:_lmb_alloc_addr	32	static
lmb.c:704:6:lmb_reserve	0	static
lmb.c:767:13:lmb_alloc_base	48	static
lmb.c:762:13:lmb_alloc	0	static
lmb.c:793:13:lmb_alloc_base_flags	48	static
lmb.c:836:13:lmb_alloc_addr	0	static
lmb.c:853:13:lmb_alloc_addr_flags	0	static
lmb.c:860:13:lmb_get_free_size	16	static
lmb.c:888:5:lmb_is_reserved_flags	0	static
lmb.c:937:5:lmb_init	32	static
lmb.c:958:13:lmb_get	0	static
