eficonfig.c:304:14:eficonfig_process_quit	0	static
eficonfig.c:487:21:eficonfig_volume_selected	0	static
eficonfig.c:1017:14:eficonfig_process_clear_file_selection	0	static
eficonfig.c:1618:21:eficonfig_process_boot_selected	0	static
eficonfig.c:184:6:eficonfig_print_entry	48	static
eficonfig.c:1841:13:eficonfig_print_change_boot_order_entry	48	static
eficonfig.c:209:6:eficonfig_display_statusline	48	static
eficonfig.c:734:12:sort_file	0	static
eficonfig.c:1984:21:eficonfig_process_save_boot_order	96	static
eficonfig.c:923:21:handle_user_input	48	static
eficonfig.c:975:21:eficonfig_boot_add_optional_data	0	static
eficonfig.c:959:21:eficonfig_boot_add_enter_description	0	static
eficonfig.c:1349:13:fill_file_info.constprop	48	static
eficonfig.c:231:7:eficonfig_choice_entry	80	static
eficonfig.c:1874:7:eficonfig_choice_change_boot_order	80	static
eficonfig.c:165:6:eficonfig_print_msg	32	static
eficonfig.c:546:21:eficonfig_file_selected	64	static
eficonfig.c:991:21:eficonfig_boot_edit_save	32	static
eficonfig.c:280:6:eficonfig_destroy	64	static
eficonfig.c:318:14:eficonfig_append_menu_entry	64	static
eficonfig.c:1636:21:eficonfig_add_boot_selection_entry	144	static
eficonfig.c:2047:21:eficonfig_add_change_boot_order_entry	160	static
eficonfig.c:1187:21:create_boot_option_entry	80	static
eficonfig.c:1217:21:prepare_file_selection_entry	80	static
eficonfig.c:348:14:eficonfig_append_quit_entry	32	static
eficonfig.c:371:7:eficonfig_create_fixed_menu	48	static
eficonfig.c:417:14:eficonfig_process_common	80	static
eficonfig.c:1041:14:eficonfig_process_show_file_option	32	static
eficonfig.c:1072:14:eficonfig_process_select_file	208	static
eficonfig.c:2342:12:do_eficonfig	96	static
eficonfig.c:1704:21:eficonfig_show_boot_selection	128	static
eficonfig.c:2257:21:eficonfig_process_delete_boot_option	32	static
eficonfig.c:2196:21:eficonfig_process_change_boot_order	144	static
eficonfig.c:507:25:eficonfig_create_device_path	48	static
eficonfig.c:1387:21:eficonfig_edit_boot_option	256	static
eficonfig.c:1791:21:eficonfig_process_edit_boot_option	112	static
eficonfig.c:1581:21:eficonfig_process_add_boot_option	64	static
