log.h:679:19:log_init	0	static
board_r.c:85:12:cpu_secondary_init_r	0	static
board_r.c:90:12:initr_trace	0	static
board_r.c:99:12:initr_reloc	0	static
board_r.c:564:12:run_main_loop	16	static
board_r.c:486:12:initr_net	16	static
board_r.c:425:12:initr_env	32	static
board_r.c:386:12:initr_mmc	16	static
board_r.c:532:12:dm_announce	32	static
board_r.c:290:12:initr_binman	32	static
board_r.c:524:12:initr_lmb	0	static
board_r.c:227:12:initr_dm	0	static
board_r.c:191:12:initr_malloc	16	static
board_r.c:125:12:initr_reloc_global_data	16	static
board_r.c:112:12:initr_caches	16	static
board_r.c:478:12:initr_boot_led_on	0	static
board_r.c:169:12:arch_initr_trap	0	static
board_r.c:182:12:initr_barrier	0	static
board_r.c:210:12:initr_of_live	0	static
board_r.c:248:12:initr_dm_devices	0	static
board_r.c:272:12:initr_bootstage	0	static
board_r.c:279:12:power_init_board	0	static
board_r.c:284:12:initr_announce	0	static
board_r.c:462:12:initr_status_led	0	static
board_r.c:469:12:initr_boot_led_blink	0	static
board_r.c:75:12:board_flash_wp_on	0	static
board_r.c:120:12:fixup_cpu	0	static
board_r.c:766:6:board_init_r	16	static
