bloblist.h:465:19:bloblist_maybe_init	0	static
board_f.c:123:12:display_text_info	0	static
board_f.c:284:12:setup_mon_len	0	static
board_f.c:387:12:reserve_round_4k	0	static
board_f.c:466:12:reserve_uboot	0	static
board_f.c:839:12:checkcpu	0	static
board_f.c:104:5:init_func_watchdog_reset	16	static
board_f.c:266:12:dram_init_banksize	32	static
board_f.c:709:12:setup_reloc	16	static
board_f.c:660:12:reloc_fdt	16	static
board_f.c:536:12:reserve_board	16	static
board_f.c:436:12:reserve_video	32	static
board_f.c:203:12:announce_dram_init	16	static
board_f.c:145:12:print_resetinfo	320	static
board_f.c:117:12:init_baud_rate	16	static
board_f.c:812:12:initf_dm	0	static
log.h:679:19:log_init	0	static
board_f.c:308:12:arch_cpu_init	0	static
board_f.c:313:12:mach_cpu_init	0	static
board_f.c:393:12:arch_reserve_mmu	0	static
board_f.c:429:12:setup_relocaddr_from_bloblist	0	static
board_f.c:454:12:reserve_trace	0	static
board_f.c:582:12:reserve_bootstage	0	static
board_f.c:613:12:reserve_bloblist	0	static
board_f.c:626:12:display_new_sp	0	static
board_f.c:673:12:reloc_bootstage	0	static
board_f.c:685:12:reloc_bloblist	0	static
board_f.c:790:12:initf_bootstage	0	static
board_f.c:834:12:reserve_arch	0	static
board_f.c:844:12:clear_bss	0	static
board_f.c:849:12:initf_upl	0	static
board_f.c:89:12:init_func_watchdog_init	16	static
board_f.c:523:12:reserve_malloc	0	static
board_f.c:549:12:reserve_global_data	0	static
board_f.c:558:12:reserve_fdt	0	static
board_f.c:67:13:coloured_LED_init	0	static
board_f.c:68:13:red_led_on	0	static
board_f.c:69:13:red_led_off	0	static
board_f.c:70:13:green_led_on	0	static
board_f.c:71:13:green_led_off	0	static
board_f.c:72:13:yellow_led_on	0	static
board_f.c:73:13:yellow_led_off	0	static
board_f.c:74:13:blue_led_on	0	static
board_f.c:75:13:blue_led_off	0	static
board_f.c:112:13:board_add_ram_info	0	static
board_f.c:239:12:show_dram_config	32	static
board_f.c:319:20:board_get_usable_ram_top	0	static
board_f.c:336:12:arch_setup_dest_addr	0	static
board_f.c:341:12:setup_dest_addr	32	static
board_f.c:596:12:arch_reserve_stacks	0	static
board_f.c:601:12:reserve_stacks	0	static
board_f.c:633:12:arch_setup_bdinfo	0	static
board_f.c:638:5:setup_bdinfo	0	static
board_f.c:1013:6:board_init_f	48	static
