console.c:302:12:console_tstc	80	static
console.c:324:13:console_putc	64	static
console.c:362:13:console_puts	64	static
console.c:374:13:console_flush	48	static
console.c:634:13:pre_console_putc	0	static
console.c:32:12:on_console	48	static
console.c:343:13:console_puts_select	80	static
console.c:266:13:console_needs_start_stop	64	static
console.c:485:5:serial_printf	1184	static
console.c:779:6:flush	0	static
console.c:693:6:putc	16	static
console.c:503:5:fgetc.part.7	48	static
console.c:585:5:getchar	0	static
console.c:608:5:tstc	0	static
console.c:734:6:puts	16	static
console.c:657:13:print_pre_console_buffer	4144	static
console.c:356:6:console_puts_select_stderr	0	static
console.c:457:5:console_start	32	static
console.c:474:6:console_stop	32	static
console.c:503:5:fgetc	0	static
console.c:536:5:ftstc	0	static
console.c:544:6:fputc	0	static
console.c:550:6:fputs	0	static
console.c:557:6:fflush	0	static
console.c:564:5:fprintf	1168	static
console.c:878:5:ctrlc	32	static
console.c:897:5:confirm_yesno	48	static
console.c:924:5:disable_ctrlc	0	static
console.c:932:5:had_ctrlc	0	static
console.c:937:6:clear_ctrlc	0	static
console.c:944:19:console_search_dev	32	static
console.c:960:5:console_assign	32	static
console.c:1003:5:console_announce_r	0	static
console.c:1017:5:console_init_f	16	static
console.c:1028:5:console_clear	16	static
console.c:1092:5:console_init_r	96	static
console.c:1248:5:console_remove_by_name	112	static
