usb.c:324:1:usb_set_maxpacket_ep	0	static
usb.c:203:5:usb_int_msg	0	static
usb.c:220:5:usb_control_msg	160	static
usb.c:563:12:usb_get_descriptor	112	static
usb.c:943:12:get_descriptor_len	624	static
usb.c:968:12:usb_setup_descriptor	32	static
usb.c:748:12:usb_get_string	96	static
usb.c:782:12:usb_string_sub	48	static
usb.c:275:5:usb_bulk_msg	48	static
usb.c:303:5:usb_maxpacket	0	static
usb.c:535:5:usb_clear_halt	64	static
usb.c:594:5:usb_get_configuration_len	160	static
usb.c:617:5:usb_get_configuration_no	32	static
usb.c:647:5:usb_set_interface	32	static
usb.c:705:5:usb_set_protocol	32	static
usb.c:715:5:usb_set_idle	32	static
usb.c:725:5:usb_get_report	32	static
usb.c:737:5:usb_get_class_descriptor	32	static
usb.c:821:5:usb_string	640	static
usb.c:1151:5:usb_select_config	128	static
usb.c:1255:5:usb_setup_device	80	static
usb.c:1309:5:board_usb_init	0	static
usb.c:1315:5:board_usb_cleanup	0	static
usb.c:1320:6:usb_device_has_child_on_port	0	static
usb.c:1330:6:usb_find_usb2_hub_address_port	48	static
