serial-uclass.c:235:13:_serial_flush	32	static
serial-uclass.c:245:13:_serial_putc	48	static
serial-uclass.c:318:12:__serial_tstc	0	static
serial-uclass.c:469:13:serial_stub_putc	0	static
serial-uclass.c:480:13:serial_stub_flush	0	static
serial-uclass.c:491:12:serial_stub_tstc	0	static
serial-uclass.c:304:12:__serial_getc	32	static
serial-uclass.c:486:12:serial_stub_getc	0	static
serial-uclass.c:596:12:serial_pre_remove	16	static
serial-uclass.c:561:12:serial_post_probe	176	static
serial-uclass.c:474:13:serial_stub_puts	32	static
serial-uclass.c:177:5:fetch_baud_from_dtb	16	static
serial-uclass.c:374:6:serial_putc	0	static
serial-uclass.c:380:6:serial_puts	32	static
serial-uclass.c:387:6:serial_flush	0	static
serial-uclass.c:396:5:serial_getc	0	static
serial-uclass.c:404:5:serial_tstc	0	static
serial-uclass.c:412:6:serial_setbrg	0	static
serial-uclass.c:190:5:serial_init	48	static
serial-uclass.c:221:5:serial_initialize	0	static
serial-uclass.c:503:12:on_baudrate	48	static
serial-uclass.c:424:5:serial_getconfig	0	static
serial-uclass.c:435:5:serial_setconfig	0	static
serial-uclass.c:446:5:serial_getinfo	0	static
serial-uclass.c:462:6:serial_stdio_init	0	static
