phy.c:450:5:genphy_shutdown	0	static
phy.c:467:5:phy_set_supported	0	static
phy.c:532:20:phy_device_create	64	static
phy.c:586:12:get_phy_id	48	static
phy.c:657:27:get_phy_device_by_mask	128	static
phy.c:775:5:phy_gpio_reset	160	static
phy.c:826:20:phy_find_by_mask	32	static
phy.c:965:5:phy_startup	0	static
phy.c:973:12:board_phy_config	0	static
phy.c:980:5:phy_config	0	static
phy.c:986:5:phy_shutdown	16	static
phy.c:1021:5:phy_read	0	static
phy.c:226:5:genphy_update_link	64	static
phy.c:295:5:genphy_parse_link	48	static
phy.c:439:5:genphy_startup	32	static
phy.c:1041:5:phy_write	0	static
phy.c:155:5:genphy_restart_aneg	32	static
phy.c:182:5:genphy_config_aneg	48	static
phy.c:388:5:genphy_config	32	static
phy.c:712:5:phy_reset	48	static
phy.c:763:5:miiphy_reset	32	static
phy.c:926:20:phy_connect	64	static
phy.c:1002:5:phy_modify	64	static
phy.c:1060:6:phy_mmd_start_indirect	48	static
phy.c:1081:5:phy_read_mmd	32	static
phy.c:1113:5:phy_write_mmd	32	static
phy.c:1145:5:phy_set_bits_mmd	48	static
phy.c:1171:5:phy_clear_bits_mmd	48	static
phy.c:1202:5:phy_modify_mmd_changed	64	static
phy.c:1232:5:phy_modify_mmd	16	static
phy.c:1242:6:phy_interface_is_ncsi	0	static
