musb_gadget.c:1030:12:musb_gadget_enable	0	static
musb_gadget.c:1529:12:musb_gadget_fifo_status	0	static
musb_gadget.c:1552:13:musb_gadget_fifo_flush	0	static
musb_gadget.c:1614:12:musb_gadget_get_frame	0	static
musb_gadget.c:1621:12:musb_gadget_wakeup	0	static
musb_gadget.c:1700:1:musb_gadget_set_self_powered	0	static
musb_gadget.c:1739:12:musb_gadget_vbus_draw	0	static
musb_gadget.c:317:13:txstate	48	static
musb_gadget.c:1265:21:musb_alloc_request	32	static
musb_gadget.c:1288:6:musb_free_request	0	static
musb_gadget.c:1782:12:musb_gadget_stop	16	static
musb_gadget.c:1825:1:init_peripheral_ep	64	static
musb_gadget.c:1972:5:musb_gadget_start	16	static
musb_gadget.c:1752:12:musb_gadget_pullup	0	static
musb_gadget.c:176:6:musb_g_giveback	32	static
musb_gadget.c:638:13:rxstate	64	static
musb_gadget.c:1373:12:musb_gadget_dequeue	16	static
musb_gadget.c:1216:12:musb_gadget_disable	32	static
musb_gadget.c:489:6:musb_g_tx	64	static
musb_gadget.c:908:6:musb_g_rx	0	static
musb_gadget.c:1305:6:musb_ep_restart	0	static
musb_gadget.c:1430:12:musb_gadget_set_halt	16	static
musb_gadget.c:1318:12:musb_gadget_queue	16	static
musb_gadget.c:1894:15:musb_gadget_setup	48	static
musb_gadget.c:1948:6:musb_gadget_cleanup	0	static
musb_gadget.c:2150:6:musb_g_resume	0	static
musb_gadget.c:2174:6:musb_g_suspend	0	static
musb_gadget.c:2206:6:musb_g_wakeup	0	static
musb_gadget.c:2212:6:musb_g_disconnect	32	static
musb_gadget.c:2258:6:musb_g_reset	32	static
