fat.c:37:13:downcase	0	static
fat.c:834:13:fat_itr_child	0	static
fat.c:52:12:disk_read	32	static
fat_write.c:195:12:disk_write	32	static
fat_write.c:218:12:flush_dirty_fat_buffer	48	static
fat.c:168:14:get_fatent	80	static
fat_write.c:441:12:set_fatent_value	80	static
fat_write.c:548:14:determine_fatent	48	static
fat_write.c:865:12:clear_fatent	64	static
fat.c:253:1:get_cluster	80	dynamic
fat.c:561:1:read_bootsectandvi	64	static
fat.c:800:12:fat_itr_root	144	static
fat_write.c:1249:12:split_filename	64	static
fat.c:1253:28:fat2rtc	32	static
fat_write.c:50:12:str2fat	64	static
fat_write.c:579:1:set_sectors.isra.3	80	dynamic
fat_write.c:1331:12:normalize_longname	64	static
fat_write.c:655:12:flush_dir	16	static
fat_write.c:1531:12:delete_single_dentry	32	static
fat_write.c:929:1:set_contents	176	static
fat.c:67:5:fat_set_blk_dev	48	dynamic
fat.c:96:5:fat_register_device	176	static
fat.c:868:7:fat_next_cluster	48	static
fat.c:935:19:next_dent	48	static
fat.c:1020:12:fat_itr_next	96	static
fat.c:1117:12:fat_itr_resolve	80	static
fat_write.c:1225:19:find_directory_entry	48	static
fat_write.c:396:1:fill_dir_slot	720	static
fat_write.c:78:12:fat_move_to_cluster	48	static
fat_write.c:105:12:set_name	144	static
fat_write.c:263:12:fat_find_empty_dentries	112	static
fat.c:1195:5:file_fat_detectfs	160	static
fat.c:1226:5:fat_exists	112	static
fat.c:1268:5:fat_size	112	static
fat.c:1305:5:fat_read_file	176	static
fat.c:1337:5:file_fat_read	32	static
fat.c:1356:5:fat_opendir	64	static
fat.c:1384:5:fat_readdir	48	static
fat.c:1415:6:fat_closedir	32	static
fat.c:1422:6:fat_close	0	static
fat.c:1426:5:fat_uuid	144	static
fat_write.c:1353:5:file_fat_write_at	432	static
fat_write.c:1482:5:file_fat_write	0	static
fat_write.c:1609:5:fat_unlink	192	static
fat_write.c:1674:5:fat_mkdir	432	static
