regulator-uclass.c:466:12:regulator_pre_probe	32	static
regulator-uclass.c:430:12:regulator_post_bind	80	static
regulator-uclass.c:17:5:regulator_mode	32	static
regulator-uclass.c:31:5:regulator_get_value	32	static
regulator-uclass.c:85:5:regulator_set_suspend_value	48	static
regulator-uclass.c:104:5:regulator_get_suspend_value	32	static
regulator-uclass.c:118:5:regulator_set_value_force	32	static
regulator-uclass.c:128:5:regulator_get_current	32	static
regulator-uclass.c:138:5:regulator_set_current	48	static
regulator-uclass.c:157:5:regulator_get_enable	32	static
regulator-uclass.c:52:5:regulator_set_value	64	static
regulator-uclass.c:167:5:regulator_set_enable	64	static
regulator-uclass.c:198:5:regulator_set_enable_if_allowed	32	static
regulator-uclass.c:215:5:regulator_set_suspend_enable	32	static
regulator-uclass.c:225:5:regulator_get_suspend_enable	32	static
regulator-uclass.c:235:5:regulator_get_mode	32	static
regulator-uclass.c:245:5:regulator_set_mode	32	static
regulator-uclass.c:255:5:regulator_get_by_platname	48	static
regulator-uclass.c:282:5:regulator_get_by_devname	0	static
regulator-uclass.c:287:5:device_get_supply_regulator	0	static
regulator-uclass.c:294:5:regulator_autoset	32	static
regulator-uclass.c:515:12:regulator_post_probe	16	static
regulator-uclass.c:365:5:regulator_autoset_by_name	48	static
regulator-uclass.c:381:5:regulator_list_autoset	112	static
