reset-uclass.c:37:12:reset_get_by_index_tail.isra.1.part.2	64	static
reset-uclass.c:79:5:reset_get_by_index	112	static
reset-uclass.c:92:5:reset_get_by_index_nodev	112	static
reset-uclass.c:146:5:reset_get_by_name	32	static
reset-uclass.c:166:5:reset_request	0	static
reset-uclass.c:175:5:reset_free	0	static
reset-uclass.c:184:5:reset_assert	0	static
reset-uclass.c:193:5:reset_assert_bulk	32	static
reset-uclass.c:206:5:reset_deassert	0	static
reset-uclass.c:215:5:reset_deassert_bulk	32	static
reset-uclass.c:228:5:reset_status	0	static
reset-uclass.c:237:5:reset_release_all	48	static
reset-uclass.c:105:12:__reset_get_bulk.isra.3	64	static
reset-uclass.c:141:5:reset_get_bulk	0	static
reset-uclass.c:265:19:devm_reset_control_get_by_index	48	static
reset-uclass.c:284:19:devm_reset_control_get	48	static
reset-uclass.c:302:19:devm_reset_control_get_optional	16	static
reset-uclass.c:320:24:devm_reset_bulk_get_by_node	32	static
reset-uclass.c:342:24:devm_reset_bulk_get_optional_by_node	16	static
reset-uclass.c:355:24:devm_reset_bulk_get	0	static
reset-uclass.c:360:24:devm_reset_bulk_get_optional	0	static
