efi_device_path.c:455:36:dp_size	32	static
efi_device_path.c:735:14:dp_part_node	224	static
efi_device_path.c:526:29:dp_fill	48	static
efi_device_path.c:53:25:efi_dp_next	0	static
efi_device_path.c:71:5:efi_dp_match	32	static
efi_device_path.c:107:25:efi_dp_shorten	16	static
efi_device_path.c:214:31:efi_dp_last_node	16	static
efi_device_path.c:228:13:efi_dp_instance_size	16	static
efi_device_path.c:132:21:find_handle	128	static
efi_device_path.c:193:14:efi_dp_find_obj	48	static
efi_device_path.c:243:13:efi_dp_size	0	static
efi_device_path.c:257:25:efi_dp_dup	48	static
efi_device_path.c:289:18:efi_dp_concat	64	static
efi_device_path.c:339:25:efi_dp_append_node	48	static
efi_device_path.c:371:25:efi_dp_create_device_node	48	static
efi_device_path.c:389:25:efi_dp_append_instance	64	static
efi_device_path.c:416:25:efi_dp_get_next_instance	64	static
efi_device_path.c:441:6:efi_dp_is_multi_instance	0	static
efi_device_path.c:824:25:efi_dp_from_part	48	static
efi_device_path.c:846:25:efi_dp_part_node	48	static
efi_device_path.c:902:25:efi_dp_from_file	80	static
efi_device_path.c:937:25:efi_dp_from_uart	32	static
efi_device_path.c:957:40:efi_dp_from_eth	32	static
efi_device_path.c:978:25:efi_dp_from_mem	48	static
efi_device_path.c:1015:14:efi_dp_split_file_path	64	static
efi_device_path.c:1055:14:efi_dp_from_name	224	static
efi_device_path.c:1113:9:efi_dp_check_length	0	static
efi_device_path.c:1151:18:efi_dp_from_lo	48	static
efi_device_path.c:1185:25:search_gpt_dp_node	16	static
