efi_runtime.c:441:34:efi_reset_system	0	static
efi_runtime.c:473:42:efi_get_time	0	static
efi_runtime.c:493:42:efi_set_time	0	static
efi_runtime.c:980:42:efi_unimplemented	0	static
efi_runtime.c:511:42:efi_update_capsule_unsupported	0	static
efi_runtime.c:533:42:efi_query_capsule_caps_unsupported	0	static
efi_runtime.c:593:42:efi_set_virtual_address_map_runtime	0	static
efi_runtime.c:615:42:efi_convert_pointer_runtime	0	static
efi_runtime.c:635:1:efi_convert_pointer	0	static
efi_runtime.c:236:20:efi_reset_system_boottime	48	static
efi_runtime.c:375:28:efi_set_time_boottime	16	static
efi_runtime.c:284:28:efi_get_time_boottime	16	static
efi_runtime.c:215:20:efi_update_table_header_crc32	32	static
efi_runtime.c:112:14:efi_init_runtime_supported	32	static
efi_runtime.c:201:20:efi_memcpy_runtime	0	static
efi_runtime.c:454:21:efi_reset_system_init	0	static
efi_runtime.c:560:6:efi_runtime_detach	0	static
efi_runtime.c:715:6:efi_runtime_relocate	64	static
efi_runtime.c:808:28:efi_set_virtual_address_map	80	static
efi_runtime.c:930:14:efi_add_runtime_mmio	48	static
