efi_file.c:1068:28:efi_file_flush_ex	32	static
efi_file.c:765:28:efi_file_getpos	32	static
efi_file.c:490:13:rtc2efi	32	static
efi_file.c:55:12:set_blk_dev.isra.0	0	static
efi_file.c:386:28:efi_file_delete	32	static
efi_file.c:174:32:file_open	112	static
efi_file.c:655:21:efi_file_write_int	64	static
efi_file.c:732:28:efi_file_write_ex	32	static
efi_file.c:707:28:efi_file_write	48	static
efi_file.c:407:21:efi_get_file_size	32	static
efi_file.c:834:28:efi_file_getinfo	208	static
efi_file.c:380:28:efi_file_close	32	static
efi_file.c:1045:28:efi_file_flush	32	static
efi_file.c:943:28:efi_file_setinfo	80	static
efi_file.c:250:14:efi_file_open_int	32	static
efi_file.c:338:28:efi_file_open_ex	64	static
efi_file.c:309:28:efi_file_open	64	static
efi_file.c:373:14:efi_file_close_int	32	static
efi_file.c:427:14:efi_file_size	80	static
efi_file.c:572:14:efi_file_read_int	96	static
efi_file.c:632:28:efi_file_read_ex	32	static
efi_file.c:608:28:efi_file_read	48	static
efi_file.c:783:14:efi_file_setpos_int	48	static
efi_file.c:822:28:efi_file_setpos	32	static
efi_file.c:1124:25:efi_file_from_path	64	static
efi_file.c:1187:14:efi_open_volume_int	32	static
efi_file.c:1198:1:efi_open_volume	32	static
efi_file.c:1207:1:efi_create_simple_file_system	48	static
