efi_boottime.c:683:21:efi_is_event	0	static
efi_boottime.c:177:20:indent_string	32	static
efi_boottime.c:218:21:efi_purge_handle.part.1	64	static
efi_boottime.c:113:5:__efi_entry_check	16	static
efi_boottime.c:125:5:__efi_exit_check	16	static
efi_boottime.c:245:13:efi_process_event_queue	48	static
efi_boottime.c:277:13:efi_queue_event	0	static
efi_boottime.c:1478:21:efi_register_protocol_notify	48	static
efi_boottime.c:2983:20:efi_set_mem	16	static
efi_boottime.c:2964:20:efi_copy_mem	16	static
efi_boottime.c:2937:28:efi_calculate_crc32	32	static
efi_boottime.c:2335:28:efi_set_watchdog_timer	16	static
efi_boottime.c:2281:28:efi_get_next_monotonic_count	16	static
efi_boottime.c:1040:28:efi_close_event	80	static
efi_boottime.c:528:28:efi_free_pool_ext	16	static
efi_boottime.c:506:28:efi_allocate_pool_ext	16	static
efi_boottime.c:477:28:efi_get_memory_map_ext	16	static
efi_boottime.c:451:28:efi_free_pages_ext	16	static
efi_boottime.c:428:28:efi_allocate_pages_ext	16	static
efi_boottime.c:371:29:efi_raise_tpl	16	static
efi_boottime.c:143:6:efi_save_gd	0	static
efi_boottime.c:157:6:efi_restore_gd	16	static
efi_boottime.c:186:13:__efi_nesting	0	static
efi_boottime.c:191:13:__efi_nesting_inc	0	static
efi_boottime.c:196:13:__efi_nesting_dec	0	static
efi_boottime.c:331:6:efi_signal_event	64	static
efi_boottime.c:2174:28:efi_exit_boot_services	48	static
efi_boottime.c:1020:28:efi_signal_event_ext	32	static
efi_boottime.c:545:6:efi_add_handle	0	static
efi_boottime.c:559:14:efi_create_handle	32	static
efi_boottime.c:713:14:efi_create_event	96	static
efi_boottime.c:790:21:efi_create_event_ex	16	static
efi_boottime.c:835:28:efi_create_event_ext	16	static
efi_boottime.c:857:6:efi_timer_check	48	static
efi_boottime.c:2308:28:efi_stall	32	static
efi_boottime.c:1087:28:efi_check_event	32	static
efi_boottime.c:961:28:efi_wait_for_event	64	static
efi_boottime.c:396:20:efi_restore_tpl	16	static
efi_boottime.c:895:14:efi_set_timer	48	static
efi_boottime.c:940:28:efi_set_timer_ext	16	static
efi_boottime.c:1109:20:efi_search_obj	0	static
efi_boottime.c:581:14:efi_search_protocol	48	static
efi_boottime.c:2614:28:efi_locate_protocol	64	static
efi_boottime.c:2433:28:efi_open_protocol_information	64	static
efi_boottime.c:1572:21:efi_locate_handle	80	static
efi_boottime.c:1663:28:efi_locate_handle_ext	16	static
efi_boottime.c:2496:28:efi_protocols_per_handle	48	static
efi_boottime.c:1166:14:efi_add_protocol	64	static
efi_boottime.c:1227:28:efi_install_protocol_interface	48	static
efi_boottime.c:1702:14:efi_install_configuration_table	80	static
efi_boottime.c:1763:8:efi_install_configuration_table_ext	16	static
efi_boottime.c:2360:14:efi_close_protocol	64	static
efi_boottime.c:1999:14:efi_load_image_from_path	112	static
efi_boottime.c:2403:1:efi_close_protocol_ext	16	static
efi_boottime.c:2541:14:efi_locate_handle_buffer_int	80	static
efi_boottime.c:2585:21:efi_locate_handle_buffer	16	static
efi_boottime.c:1866:21:efi_locate_device_path	128	static
efi_boottime.c:3000:14:efi_protocol_open	80	static
efi_boottime.c:3118:28:efi_open_protocol	64	static
efi_boottime.c:3847:28:efi_disconnect_controller	112	static
efi_boottime.c:1339:21:efi_disconnect_all_drivers	80	static
efi_boottime.c:3550:21:efi_bind_controller	80	static
efi_boottime.c:3668:28:efi_connect_controller	112	static
efi_boottime.c:1381:21:efi_uninstall_protocol	80	static
efi_boottime.c:664:14:efi_delete_handle	48	static
efi_boottime.c:1785:14:efi_setup_loaded_image	64	static
efi_boottime.c:2080:21:efi_load_image	112	static
efi_boottime.c:3287:21:efi_delete_image	64	static
efi_boottime.c:1449:28:efi_uninstall_protocol_interface	16	static
efi_boottime.c:2684:1:efi_install_multiple_protocol_interfaces_int	128	static
efi_boottime.c:2756:1:efi_install_multiple_protocol_interfaces	144	static
efi_boottime.c:2782:1:efi_install_multiple_protocol_interfaces_ext	144	static
efi_boottime.c:2807:1:efi_uninstall_multiple_protocol_interfaces_int	112	static
efi_boottime.c:2886:1:efi_uninstall_multiple_protocol_interfaces	144	static
efi_boottime.c:2912:1:efi_uninstall_multiple_protocol_interfaces_ext	144	static
efi_boottime.c:3736:28:efi_reinstall_protocol_interface	48	static
efi_boottime.c:3190:21:efi_start_image	176	static
efi_boottime.c:3339:21:efi_unload_image	48	static
efi_boottime.c:3534:21:efi_handle_protocol	0	static
efi_boottime.c:3433:28:efi_exit	80	static
efi_boottime.c:4009:14:efi_initialize_system_table	48	static
