efi_console.c:473:13:efi_clear_screen	16	static
efi_console.c:949:13:efi_cin_empty_buffer	16	static
efi_console.c:87:12:term_get_char	32	static
efi_console.c:630:28:efi_cout_enable_cursor	32	static
efi_console.c:588:28:efi_cout_set_cursor_position	64	static
efi_console.c:505:28:efi_cout_clear_screen	16	static
efi_console.c:451:28:efi_cout_set_attribute	32	static
efi_console.c:532:28:efi_cout_set_mode	32	static
efi_console.c:249:28:efi_cout_test_string	16	static
efi_console.c:561:28:efi_cout_reset	16	static
efi_console.c:1192:28:efi_cin_reset	32	static
efi_console.c:1068:28:efi_cin_set_state	16	static
efi_console.c:970:28:efi_cin_reset_ex	32	static
efi_console.c:160:28:efi_cout_output_string	64	static
efi_console.c:1149:28:efi_cin_unregister_key_notify	32	static
efi_console.c:1098:28:efi_cin_register_key_notify	48	static
efi_console.c:405:28:efi_cout_query_mode	48	static
efi_console.c:679:13:set_shift_mask.part.1.constprop	0	static
efi_console.c:703:12:analyze_modifiers.constprop	48	static
efi_console.c:922:13:efi_cin_check	64	static
efi_console.c:1224:28:efi_cin_read_key_stroke	32	static
efi_console.c:1278:20:efi_console_timer_notify	16	static
efi_console.c:1002:28:efi_cin_read_key_stroke_ex	32	static
efi_console.c:1292:20:efi_key_notify	16	static
efi_console.c:358:6:efi_setup_console_size	64	static
efi_console.c:1306:14:efi_console_register	48	static
efi_console.c:1372:14:efi_console_get_u16_string	112	static
