efi_hii.c:32:12:efi_hii_packagelist_exists	0	static
efi_hii.c:767:1:get_package_list_handle	32	static
efi_hii.c:755:1:set_keyboard_layout	32	static
efi_hii.c:675:1:unregister_package_notify	16	static
efi_hii.c:653:1:register_package_notify	48	static
efi_hii.c:639:1:export_package_lists	32	static
efi_hii.c:574:1:list_package_lists	48	static
efi_hii.c:684:1:find_keyboard_layouts	96	static
efi_hii.c:715:1:get_keyboard_layout	64	static
efi_hii.c:238:13:remove_guid_package	32	static
efi_hii.c:267:13:free_keyboard_layouts	32	static
efi_hii.c:281:13:remove_keyboard_package	32	static
efi_hii.c:364:1:add_packages	112	static
efi_hii.c:806:13:language_match	48	static
efi_hii.c:1030:1:get_secondary_languages	48	static
efi_hii.c:984:1:get_languages	64	static
efi_hii.c:925:1:set_string	64	static
efi_hii.c:820:1:new_string	64	static
efi_hii.c:877:1:get_string	64	static
efi_hii.c:112:13:remove_strings_package	48	static
efi_hii.c:353:13:free_packagelist	32	static
efi_hii.c:473:1:remove_package_list	32	static
efi_hii.c:443:1:new_package_list	48	static
efi_hii.c:489:1:update_package_list	48	static
