blk-uclass.c:604:12:blk_flags_check	32	static
blk-uclass.c:339:12:_blk_next_device	48	static
blk-uclass.c:853:12:blk_post_probe	224	static
blk-uclass.c:79:13:blk_get_uclass_name	0	static
blk-uclass.c:110:18:blk_get_devnum_by_uclass_idname	80	static
blk-uclass.c:167:18:blk_get_by_device	32	static
blk-uclass.c:183:5:blk_get_desc	96	static
blk-uclass.c:228:5:blk_list_part	64	static
blk-uclass.c:253:5:blk_print_part_devnum	48	static
blk-uclass.c:268:6:blk_list_devices	64	static
blk-uclass.c:287:5:blk_print_device_num	48	static
blk-uclass.c:301:5:blk_show_device	48	static
blk-uclass.c:322:5:blk_select_hwpart	0	static
blk-uclass.c:334:5:blk_dselect_hwpart	0	static
blk-uclass.c:359:5:blk_first_device	32	static
blk-uclass.c:366:5:blk_next_device	32	static
blk-uclass.c:378:5:blk_find_device	80	static
blk-uclass.c:401:5:blk_get_device	32	static
blk-uclass.c:91:18:blk_get_devnum_by_uclass_id	32	static
blk-uclass.c:216:5:blk_select_hwpart_devnum	48	static
blk-uclass.c:432:6:blk_read	64	static
blk-uclass.c:470:6:blk_write	64	static
blk-uclass.c:504:6:blk_erase	48	static
blk-uclass.c:517:7:blk_dread	0	static
blk-uclass.c:523:7:blk_dwrite	0	static
blk-uclass.c:529:7:blk_derase	0	static
blk-uclass.c:534:5:blk_find_from_parent	48	static
blk-uclass.c:548:5:blk_get_from_parent	48	static
blk-uclass.c:564:13:blk_get_devtype	16	static
blk-uclass.c:571:5:blk_find_max_devnum	64	static
blk-uclass.c:591:5:blk_next_free_devnum	16	static
blk-uclass.c:614:5:blk_find_first	32	static
blk-uclass.c:626:5:blk_find_next	32	static
blk-uclass.c:638:5:blk_first_device_err	32	static
blk-uclass.c:650:5:blk_next_device_err	32	static
blk-uclass.c:662:5:blk_count_devices	48	static
blk-uclass.c:744:5:blk_create_devicef	160	static
blk-uclass.c:767:5:blk_probe_or_unbind	32	static
blk-uclass.c:780:5:blk_unbind_all	64	static
