ofnode.c:244:5:oftree_new	0	static
ofnode.c:251:5:oftree_to_fdt	32	static
ofnode.c:312:5:ofnode_read_u8	48	static
ofnode.c:335:4:ofnode_read_u8_default	32	static
ofnode.c:343:5:ofnode_read_u16	48	static
ofnode.c:366:5:ofnode_read_u16_default	32	static
ofnode.c:387:5:ofnode_read_u32_index	48	static
ofnode.c:374:5:ofnode_read_u32	0	static
ofnode.c:379:5:ofnode_read_u32_default	32	static
ofnode.c:418:5:ofnode_read_u64_index	48	static
ofnode.c:448:5:ofnode_read_u32_index_default	32	static
ofnode.c:457:5:ofnode_read_s32_default	32	static
ofnode.c:465:5:ofnode_read_u64	48	static
ofnode.c:489:5:ofnode_read_u64_default	32	static
ofnode.c:511:13:ofnode_read_prop	48	static
ofnode.c:543:13:ofnode_read_string	48	static
ofnode.c:561:5:ofnode_read_size	32	static
ofnode.c:571:8:ofnode_find_subnode	16	static
ofnode.c:597:5:ofnode_read_u32_array	16	static
ofnode.c:1051:12:decode_timing_property	48	static
ofnode.c:625:6:ofnode_is_enabled	16	static
ofnode.c:635:8:ofnode_first_subnode	16	static
ofnode.c:645:8:ofnode_next_subnode	16	static
ofnode.c:656:8:ofnode_get_parent	16	static
ofnode.c:670:13:ofnode_get_name	0	static
ofnode.c:299:6:ofnode_name_eq	48	static
ofnode.c:683:5:ofnode_get_path	16	static
ofnode.c:708:8:ofnode_get_by_phandle	16	static
ofnode.c:721:8:oftree_get_by_phandle	16	static
ofnode.c:807:5:ofnode_stringlist_search	16	static
ofnode.c:828:5:ofnode_read_string_index	48	static
ofnode.c:846:5:ofnode_read_string_count	0	static
ofnode.c:856:5:ofnode_read_string_list	80	static
ofnode.c:900:5:ofnode_parse_phandle_with_args	112	static
ofnode.c:932:5:ofnode_count_phandle_with_args	0	static
ofnode.c:944:8:ofnode_path	16	static
ofnode.c:952:8:oftree_root	0	static
ofnode.c:961:8:oftree_path	16	static
ofnode.c:975:13:ofnode_read_chosen_prop	32	static
ofnode.c:984:13:ofnode_read_chosen_string	0	static
ofnode.c:989:8:ofnode_get_chosen_node	16	static
ofnode.c:1000:5:ofnode_read_baud	16	static
ofnode.c:1018:13:ofnode_read_aliases_prop	32	static
ofnode.c:1027:8:ofnode_get_aliases_node	16	static
ofnode.c:1040:5:ofnode_get_child_count	32	static
ofnode.c:1186:13:ofnode_get_property	0	static
ofnode.c:1195:6:ofnode_has_property	16	static
ofnode.c:497:6:ofnode_read_bool	0	static
ofnode.c:1074:5:ofnode_decode_display_timing	48	static
ofnode.c:1139:5:ofnode_decode_panel_timing	64	static
ofnode.c:1203:5:ofnode_first_property	32	static
ofnode.c:1222:5:ofnode_next_property	32	static
ofnode.c:1240:13:ofprop_get_property	0	static
ofnode.c:1252:12:ofnode_get_addr_size	0	static
ofnode.c:1278:16:ofnode_read_u8_array_ptr	0	static
ofnode.c:1296:5:ofnode_read_pci_addr	64	static
ofnode.c:1355:5:ofnode_read_pci_vendev	96	static
ofnode.c:1391:5:ofnode_read_eth_phy_id	96	static
ofnode.c:1427:5:ofnode_read_addr_cells	16	static
ofnode.c:1439:5:ofnode_read_size_cells	16	static
ofnode.c:1451:5:ofnode_read_simple_addr_cells	0	static
ofnode.c:1460:5:ofnode_read_simple_size_cells	0	static
ofnode.c:735:19:__ofnode_get_addr_size_index	64	static
ofnode.c:775:12:ofnode_get_addr_size_index	0	static
ofnode.c:786:12:ofnode_get_addr_index	32	static
ofnode.c:793:12:ofnode_get_addr	0	static
ofnode.c:798:12:ofnode_get_size	32	static
ofnode.c:780:12:ofnode_get_addr_size_index_notrans	0	static
ofnode.c:1469:6:ofnode_pre_reloc	32	static
ofnode.c:1507:5:ofnode_read_resource	48	static
ofnode.c:1528:5:ofnode_read_resource_byname	32	static
ofnode.c:1540:5:ofnode_translate_address	0	static
ofnode.c:1549:5:ofnode_translate_dma_address	0	static
ofnode.c:1558:5:ofnode_get_dma_range	0	static
ofnode.c:1568:5:ofnode_device_is_compatible	16	static
ofnode.c:1579:8:ofnode_by_compatible	16	static
ofnode.c:1592:8:ofnode_by_prop_value	16	static
ofnode.c:1607:5:ofnode_write_prop	0	static
ofnode.c:1631:5:ofnode_write_string	48	static
ofnode.c:1641:5:ofnode_write_u32	48	static
ofnode.c:1656:5:ofnode_write_u64	48	static
ofnode.c:1679:5:ofnode_delete_prop	0	static
ofnode.c:1671:5:ofnode_write_bool	0	static
ofnode.c:1695:5:ofnode_set_enabled	0	static
ofnode.c:1705:6:ofnode_conf_read_bool	32	static
ofnode.c:1716:5:ofnode_conf_read_int	32	static
ofnode.c:1727:13:ofnode_conf_read_str	32	static
ofnode.c:1738:6:ofnode_options_read_bool	32	static
ofnode.c:1749:5:ofnode_options_read_int	32	static
ofnode.c:1760:13:ofnode_options_read_str	32	static
ofnode.c:1771:5:ofnode_read_bootscript_address	48	static
ofnode.c:1796:5:ofnode_read_bootscript_flash	48	static
ofnode.c:1830:8:ofnode_get_phy_node	128	static
ofnode.c:1851:17:ofnode_read_phy_mode	48	static
ofnode.c:1874:5:ofnode_add_subnode	48	static
ofnode.c:1909:5:ofnode_delete	32	static
ofnode.c:1932:5:ofnode_copy_props	64	static
ofnode.c:1956:5:ofnode_copy_node	48	static
