uclass.c:25:16:uclass_find	0	static
uclass.c:110:5:uclass_destroy	48	static
uclass.c:144:5:uclass_get	64	static
uclass.c:424:12:uclass_find_device_by_phandle_id	64	static
uclass.c:163:13:uclass_get_name	32	static
uclass.c:172:7:uclass_get_priv	0	static
uclass.c:177:6:uclass_set_priv	0	static
uclass.c:182:16:uclass_get_by_namelen	48	static
uclass.c:197:16:uclass_get_by_name	32	static
uclass.c:202:5:dev_get_uclass_index	0	static
uclass.c:223:5:uclass_find_device	48	static
uclass.c:246:5:uclass_find_first_device	48	static
uclass.c:263:5:uclass_find_next_device	0	static
uclass.c:591:13:_uclass_next_device	48	static
uclass.c:276:5:uclass_find_device_by_namelen	80	static
uclass.c:301:5:uclass_find_device_by_name	48	static
uclass.c:307:17:uclass_try_first_device	16	static
uclass.c:318:5:uclass_find_next_free_seq	32	static
uclass.c:341:5:uclass_find_device_by_seq	48	static
uclass.c:368:5:uclass_find_device_by_of_offset	48	static
uclass.c:392:5:uclass_find_device_by_ofnode	48	static
uclass.c:450:5:uclass_find_device_by_phandle	32	static
uclass.c:464:5:uclass_get_device_by_driver	64	static
uclass.c:484:5:uclass_get_device_tail	32	static
uclass.c:499:5:uclass_get_device	48	static
uclass.c:509:5:uclass_get_device_by_name	48	static
uclass.c:520:5:uclass_get_device_by_seq	48	static
uclass.c:531:5:uclass_get_device_by_of_offset	48	static
uclass.c:542:5:uclass_get_device_by_ofnode	48	static
uclass.c:558:5:uclass_get_device_by_of_path	32	static
uclass.c:564:5:uclass_get_device_by_phandle_id	48	static
uclass.c:575:5:uclass_get_device_by_phandle	48	static
uclass.c:600:6:uclass_first_device	48	static
uclass.c:609:6:uclass_next_device	32	static
uclass.c:643:5:uclass_first_device_check	32	static
uclass.c:617:5:uclass_first_device_err	32	static
uclass.c:657:5:uclass_next_device_check	16	static
uclass.c:630:5:uclass_next_device_err	32	static
uclass.c:670:5:uclass_get_count	0	static
uclass.c:683:5:uclass_first_device_drvdata	64	static
uclass.c:700:5:uclass_bind_device	32	static
uclass.c:727:5:uclass_pre_unbind_device	0	static
uclass.c:742:5:uclass_unbind_device	0	static
uclass.c:750:5:uclass_pre_probe_device	32	static
uclass.c:774:5:uclass_post_probe_device	32	static
uclass.c:799:5:uclass_pre_remove_device	0	static
uclass.c:815:5:uclass_probe_all	48	static
uclass.c:832:5:uclass_id_count	32	static
